f101           equation decided by propagation (unsat)
f101           standard decided by propagation (unsat)
f143           equation n=2 m=1 left 0: Meta-NBIW 1, QUALEX-MS 1  SOLUTION (verified yes)  (0.00s; solver: sat, 1 guesses)
f143           standard n=2 m=1 left 0: Meta-NBIW 1, QUALEX-MS 1  SOLUTION (verified yes)  (0.00s; solver: sat, 1 guesses)
f1009          equation decided by propagation (unsat)
f1009          standard decided by propagation (unsat)
f14471         equation n=511 m=367 left 511: Meta-NBIW 359, QUALEX-MS 359  (0.84s; solver: sat, 1 guesses)
f14471         standard n=511 m=367 left 511: Meta-NBIW 359, QUALEX-MS 362  (0.65s; solver: sat, 1 guesses)
f14631         equation n=514 m=370 left 514: Meta-NBIW 370, QUALEX-MS 370  SOLUTION (verified yes)  (0.89s; solver: sat, 1 guesses)
f14631         standard n=514 m=370 left 514: Meta-NBIW 370, QUALEX-MS 370  SOLUTION (verified yes)  (0.66s; solver: sat, 1 guesses)
f14887         equation n=510 m=365 left 510: Meta-NBIW 359, QUALEX-MS 359  (0.86s; solver: unsat, 1 guesses)
f14887         standard n=510 m=365 left 510: Meta-NBIW 359, QUALEX-MS 361  (0.64s; solver: unsat, 1 guesses)
f15591         equation n=501 m=359 left 501: Meta-NBIW 359, QUALEX-MS 359  SOLUTION (verified yes)  (0.77s; solver: sat, 1 guesses)
f15591         standard n=501 m=359 left 501: Meta-NBIW 359, QUALEX-MS 359  SOLUTION (verified yes)  (0.62s; solver: sat, 1 guesses)
f16041         equation n=506 m=362 left 506: Meta-NBIW 362, QUALEX-MS 362  SOLUTION (verified yes)  (0.82s; solver: sat, 1 guesses)
f16041         standard n=506 m=362 left 506: Meta-NBIW 362, QUALEX-MS 362  SOLUTION (verified yes)  (0.65s; solver: sat, 1 guesses)
f32399         equation n=636 m=441 left 636: Meta-NBIW 433, QUALEX-MS 433  (1.45s; solver: sat, 2 guesses)
f32399         standard n=636 m=441 left 636: Meta-NBIW 433, QUALEX-MS 433  (1.17s; solver: sat, 2 guesses)
f32653         equation decided by propagation (unsat)
f32653         standard decided by propagation (unsat)
f32687         equation n=638 m=435 left 638: Meta-NBIW 426, QUALEX-MS 426  (1.46s; solver: unsat, 1 guesses)
f32687         standard n=638 m=435 left 638: Meta-NBIW 426, QUALEX-MS 429  (1.17s; solver: unsat, 1 guesses)
f32693         equation decided by propagation (unsat)
f32693         standard decided by propagation (unsat)
f32707         equation decided by propagation (unsat)
f32707         standard decided by propagation (unsat)
f32713         equation n=612 m=419 left 612: Meta-NBIW 410, QUALEX-MS 410  (1.32s; solver: unsat, 1 guesses)
f32713         standard n=612 m=419 left 612: Meta-NBIW 410, QUALEX-MS 413  (1.01s; solver: unsat, 1 guesses)
f32717         equation n=568 m=404 left 568: Meta-NBIW 395, QUALEX-MS 395  (1.10s; solver: unsat, 1 guesses)
f32717         standard n=568 m=404 left 568: Meta-NBIW 395, QUALEX-MS 399  (0.88s; solver: unsat, 1 guesses)
f32719         equation n=615 m=425 left 615: Meta-NBIW 418, QUALEX-MS 418  (1.41s; solver: unsat, 1 guesses)
f32719         standard n=615 m=425 left 615: Meta-NBIW 418, QUALEX-MS 419  (1.05s; solver: unsat, 1 guesses)
f32749         equation decided by propagation (unsat)
f32749         standard decided by propagation (unsat)
f60491         equation n=740 m=514 left 740: Meta-NBIW 501, QUALEX-MS 501  (2.17s; solver: sat, 2 guesses)
f60491         standard n=740 m=514 left 740: Meta-NBIW 501, QUALEX-MS 507  (1.74s; solver: sat, 2 guesses)
f65521         equation n=713 m=482 left 713: Meta-NBIW 469, QUALEX-MS 469  (1.95s; solver: unsat, 1 guesses)
f65521         standard n=713 m=482 left 713: Meta-NBIW 469, QUALEX-MS 471  (1.53s; solver: unsat, 1 guesses)
petersen       equation decided by propagation (unsat)
petersen       standard decided by propagation (unsat)
dodecahedron   equation n=263 m=38 left 263: Meta-NBIW 36, QUALEX-MS 38  SOLUTION (verified yes)  (0.17s; solver: sat, 2 guesses)
dodecahedron   standard n=263 m=38 left 263: Meta-NBIW 36, QUALEX-MS 38  SOLUTION (verified yes)  (0.13s; solver: sat, 2 guesses)
flower5        equation n=265 m=38 left 265: Meta-NBIW 36, QUALEX-MS 36  (0.17s; solver: unsat, 2 guesses)
flower5        standard n=265 m=38 left 265: Meta-NBIW 36, QUALEX-MS 36  (0.12s; solver: unsat, 2 guesses)
flower7        equation n=543 m=54 left 543: Meta-NBIW 52, QUALEX-MS 52  (1.16s; solver: unsat, 30 guesses)
flower7        standard n=543 m=54 left 543: Meta-NBIW 52, QUALEX-MS 52  (0.67s; solver: unsat, 30 guesses)
gp11_2         equation n=329 m=42 left 329: Meta-NBIW 40, QUALEX-MS 40  (0.29s; solver: unsat, 5 guesses)
gp11_2         standard n=329 m=42 left 329: Meta-NBIW 40, QUALEX-MS 40  (0.20s; solver: unsat, 5 guesses)
gp13_2         equation n=481 m=50 left 481: Meta-NBIW 46, QUALEX-MS 50  SOLUTION (verified yes)  (0.78s; solver: sat, 3 guesses)
gp13_2         standard n=481 m=50 left 481: Meta-NBIW 46, QUALEX-MS 48  (0.47s; solver: sat, 3 guesses)
gp14_2         equation n=563 m=54 left 563: Meta-NBIW 54, QUALEX-MS 54  SOLUTION (verified yes)  (1.14s; solver: sat, 3 guesses)
gp14_2         standard n=563 m=54 left 563: Meta-NBIW 54, QUALEX-MS 54  SOLUTION (verified yes)  (0.69s; solver: sat, 3 guesses)
gp17_2         equation n=869 m=66 left 869: Meta-NBIW 62, QUALEX-MS 62  (3.69s; solver: unsat, 15 guesses)
gp17_2         standard n=869 m=66 left 869: Meta-NBIW 62, QUALEX-MS 64  (2.13s; solver: unsat, 15 guesses)
coxeter        equation n=585 m=54 left 585: Meta-NBIW 50, QUALEX-MS 52  (1.29s; solver: unsat, 83 guesses)
coxeter        standard n=585 m=54 left 585: Meta-NBIW 50, QUALEX-MS 52  (0.84s; solver: unsat, 83 guesses)
cubic16_1      equation n=57 m=30 left 57: Meta-NBIW 30, QUALEX-MS 30  SOLUTION (verified yes)  (0.00s; solver: sat, 1 guesses)
cubic16_1      standard n=57 m=30 left 57: Meta-NBIW 30, QUALEX-MS 30  SOLUTION (verified yes)  (0.00s; solver: sat, 1 guesses)
cubic20_1      equation n=195 m=38 left 195: Meta-NBIW 38, QUALEX-MS 38  SOLUTION (verified yes)  (0.08s; solver: sat, 2 guesses)
cubic20_1      standard n=195 m=38 left 195: Meta-NBIW 38, QUALEX-MS 38  SOLUTION (verified yes)  (0.06s; solver: sat, 2 guesses)
cubic24_1      equation n=403 m=46 left 403: Meta-NBIW 46, QUALEX-MS 46  SOLUTION (verified yes)  (0.52s; solver: sat, 3 guesses)
cubic24_1      standard n=403 m=46 left 403: Meta-NBIW 46, QUALEX-MS 46  SOLUTION (verified yes)  (0.36s; solver: sat, 3 guesses)
bip8_1         equation decided by propagation (unsat)
bip8_1         standard decided by propagation (unsat)
bip9_1         equation decided by propagation (unsat)
bip9_1         standard decided by propagation (unsat)
bip10_1        equation decided by propagation (unsat)
bip10_1        standard decided by propagation (unsat)
bip11_1        equation decided by propagation (unsat)
bip11_1        standard decided by propagation (unsat)
bip12_1        equation decided by propagation (unsat)
bip12_1        standard decided by propagation (unsat)
f1000003       equation n=1343 m=891 left 1343: Meta-NBIW 881, QUALEX-MS 881  (10.48s; solver: unsat, 8 guesses)
f1000003       standard n=1343 m=891 left 1343: Meta-NBIW 881, QUALEX-MS 882  (7.98s; solver: unsat, 8 guesses)
f1000013       equation n=1343 m=895 left 1343: Meta-NBIW 895, QUALEX-MS 895  SOLUTION (verified yes)  (10.34s; solver: sat, 3 guesses)
f1000013       standard n=1343 m=895 left 1343: Meta-NBIW 895, QUALEX-MS 895  SOLUTION (verified yes)  (7.90s; solver: sat, 3 guesses)
f2097143       equation n=1537 m=1005 left 1537: Meta-NBIW 988, QUALEX-MS 988  (14.65s; solver: unsat, 12 guesses)
f2097143       standard n=1537 m=1005 left 1537: Meta-NBIW 988, QUALEX-MS 988  (11.39s; solver: unsat, 12 guesses)
f4194301       equation n=1615 m=1063 left 1615: Meta-NBIW 1042, QUALEX-MS 1042  (17.01s; solver: unsat, 14 guesses)
f4194301       standard n=1615 m=1063 left 1615: Meta-NBIW 1042, QUALEX-MS 1056  (13.16s; solver: unsat, 14 guesses)
f16777213      equation n=2006 m=1309 left 2006: Meta-NBIW 1284, QUALEX-MS 1284  (32.38s; solver: unsat, 28 guesses)
f16777213      standard n=2006 m=1309 left 2006: Meta-NBIW 1284, QUALEX-MS 1295  (23.29s; solver: unsat, 28 guesses)
flower9        equation n=917 m=70 left 917: Meta-NBIW 68, QUALEX-MS 68  (4.69s; solver: unsat, 88 guesses)
flower9        standard n=917 m=70 left 917: Meta-NBIW 68, QUALEX-MS 68  (2.61s; solver: unsat, 88 guesses)
flower11       equation n=1387 m=86 left 1387: Meta-NBIW 82, QUALEX-MS 82  (14.90s; solver: unsat, 338 guesses)
flower11       standard n=1387 m=86 left 1387: Meta-NBIW 82, QUALEX-MS 84  (7.96s; solver: unsat, 338 guesses)
gp20_2         equation n=1235 m=78 left 1235: Meta-NBIW 78, QUALEX-MS 78  SOLUTION (verified yes)  (9.79s; solver: sat, 3 guesses)
gp20_2         standard n=1235 m=78 left 1235: Meta-NBIW 78, QUALEX-MS 78  SOLUTION (verified yes)  (5.10s; solver: sat, 3 guesses)
gp23_2         equation n=1665 m=90 left 1665: Meta-NBIW 86, QUALEX-MS 86  (22.27s; solver: unsat, 102 guesses)
gp23_2         standard n=1665 m=90 left 1665: Meta-NBIW 86, QUALEX-MS 86  (11.34s; solver: unsat, 102 guesses)
cubic30_1      equation n=637 m=58 left 637: Meta-NBIW 56, QUALEX-MS 56  (1.91s; solver: sat, 2 guesses)
cubic30_1      standard n=637 m=58 left 637: Meta-NBIW 56, QUALEX-MS 56  (1.18s; solver: sat, 2 guesses)
bip14_1        equation decided by propagation (unsat)
bip14_1        standard decided by propagation (unsat)
f1000001       equation n=1383 m=912 left 1383: Meta-NBIW 886, QUALEX-MS 895  (11.14s; solver: sat, 4 guesses)
f1000001       standard n=1383 m=912 left 1383: Meta-NBIW 886, QUALEX-MS 891  (8.46s; solver: sat, 4 guesses)
f4194303       equation n=1676 m=1094 left 1676: Meta-NBIW 1094, QUALEX-MS 1094  SOLUTION (verified yes)  (18.89s; solver: sat, 4 guesses)
f4194303       standard n=1676 m=1094 left 1676: Meta-NBIW 1094, QUALEX-MS 1094  SOLUTION (verified yes)  (14.15s; solver: sat, 4 guesses)
f16777215      equation n=2084 m=1352 left 2084: Meta-NBIW 1352, QUALEX-MS 1352  SOLUTION (verified yes)  (35.63s; solver: sat, 6 guesses)
f16777215      standard n=2084 m=1352 left 2084: Meta-NBIW 1352, QUALEX-MS 1352  SOLUTION (verified yes)  (25.75s; solver: sat, 6 guesses)
gp16_2         equation n=759 m=62 left 759: Meta-NBIW 62, QUALEX-MS 62  SOLUTION (verified yes)  (2.58s; solver: sat, 3 guesses)
gp16_2         standard n=759 m=62 left 759: Meta-NBIW 62, QUALEX-MS 62  SOLUTION (verified yes)  (1.51s; solver: sat, 3 guesses)
gp22_2         equation n=1515 m=86 left 1515: Meta-NBIW 86, QUALEX-MS 86  SOLUTION (verified yes)  (17.29s; solver: sat, 3 guesses)
gp22_2         standard n=1515 m=86 left 1515: Meta-NBIW 86, QUALEX-MS 86  SOLUTION (verified yes)  (8.72s; solver: sat, 3 guesses)
cubic40_1      equation n=1255 m=78 left 1255: Meta-NBIW 76, QUALEX-MS 78  SOLUTION (verified yes)  (10.77s; solver: sat, 9 guesses)
cubic40_1      standard n=1255 m=78 left 1255: Meta-NBIW 76, QUALEX-MS 76  (6.16s; solver: sat, 9 guesses)
cubic50_1      equation n=1925 m=98 left 1925: Meta-NBIW 96, QUALEX-MS 96  (35.77s; solver: sat, 10 guesses)
cubic50_1      standard n=1925 m=98 left 1925: Meta-NBIW 96, QUALEX-MS 96  (18.82s; solver: sat, 10 guesses)
f101           equation-m decided by propagation (unsat)
f101           standard-m decided by propagation (unsat)
f143           equation-m n=2 m=1 left 0: Meta-NBIW 1, QUALEX-MS 1  SOLUTION (verified yes)  (0.00s; solver: sat, 1 guesses)
f143           standard-m n=2 m=1 left 0: Meta-NBIW 1, QUALEX-MS 1  SOLUTION (verified yes)  (0.00s; solver: sat, 1 guesses)
f1009          equation-m decided by propagation (unsat)
f1009          standard-m decided by propagation (unsat)
f14471         equation-m n=511 m=367 left 511: Meta-NBIW 359, QUALEX-MS 359  (0.47s; solver: sat, 1 guesses)
f14471         standard-m n=511 m=367 left 511: Meta-NBIW 359, QUALEX-MS 359  (0.34s; solver: sat, 1 guesses)
f14631         equation-m n=514 m=370 left 514: Meta-NBIW 370, QUALEX-MS 370  SOLUTION (verified yes)  (0.53s; solver: sat, 1 guesses)
f14631         standard-m n=514 m=370 left 514: Meta-NBIW 370, QUALEX-MS 370  SOLUTION (verified yes)  (0.34s; solver: sat, 1 guesses)
f14887         equation-m n=510 m=365 left 510: Meta-NBIW 359, QUALEX-MS 359  (0.45s; solver: unsat, 1 guesses)
f14887         standard-m n=510 m=365 left 510: Meta-NBIW 359, QUALEX-MS 359  (0.34s; solver: unsat, 1 guesses)
f15591         equation-m n=501 m=359 left 501: Meta-NBIW 359, QUALEX-MS 359  SOLUTION (verified yes)  (0.44s; solver: sat, 1 guesses)
f15591         standard-m n=501 m=359 left 501: Meta-NBIW 359, QUALEX-MS 359  SOLUTION (verified yes)  (0.32s; solver: sat, 1 guesses)
f16041         equation-m n=506 m=362 left 506: Meta-NBIW 362, QUALEX-MS 362  SOLUTION (verified yes)  (0.46s; solver: sat, 1 guesses)
f16041         standard-m n=506 m=362 left 506: Meta-NBIW 362, QUALEX-MS 362  SOLUTION (verified yes)  (0.35s; solver: sat, 1 guesses)
f32399         equation-m n=636 m=441 left 636: Meta-NBIW 433, QUALEX-MS 433  (0.80s; solver: sat, 2 guesses)
f32399         standard-m n=636 m=441 left 636: Meta-NBIW 433, QUALEX-MS 433  (0.60s; solver: sat, 2 guesses)
f32653         equation-m decided by propagation (unsat)
f32653         standard-m decided by propagation (unsat)
f32687         equation-m n=638 m=435 left 638: Meta-NBIW 426, QUALEX-MS 426  (0.82s; solver: unsat, 1 guesses)
f32687         standard-m n=638 m=435 left 638: Meta-NBIW 426, QUALEX-MS 426  (0.60s; solver: unsat, 1 guesses)
f32693         equation-m decided by propagation (unsat)
f32693         standard-m decided by propagation (unsat)
f32707         equation-m decided by propagation (unsat)
f32707         standard-m decided by propagation (unsat)
f32713         equation-m n=612 m=419 left 612: Meta-NBIW 410, QUALEX-MS 410  (0.73s; solver: unsat, 1 guesses)
f32713         standard-m n=612 m=419 left 612: Meta-NBIW 410, QUALEX-MS 410  (0.53s; solver: unsat, 1 guesses)
f32717         equation-m n=568 m=404 left 568: Meta-NBIW 395, QUALEX-MS 395  (0.61s; solver: unsat, 1 guesses)
f32717         standard-m n=568 m=404 left 568: Meta-NBIW 395, QUALEX-MS 395  (0.46s; solver: unsat, 1 guesses)
f32719         equation-m n=615 m=425 left 615: Meta-NBIW 418, QUALEX-MS 418  (0.83s; solver: unsat, 1 guesses)
f32719         standard-m n=615 m=425 left 615: Meta-NBIW 418, QUALEX-MS 418  (0.55s; solver: unsat, 1 guesses)
f32749         equation-m decided by propagation (unsat)
f32749         standard-m decided by propagation (unsat)
f60491         equation-m n=740 m=514 left 740: Meta-NBIW 501, QUALEX-MS 501  (1.21s; solver: sat, 2 guesses)
f60491         standard-m n=740 m=514 left 740: Meta-NBIW 501, QUALEX-MS 501  (0.91s; solver: sat, 2 guesses)
f65521         equation-m n=713 m=482 left 713: Meta-NBIW 469, QUALEX-MS 469  (1.12s; solver: unsat, 1 guesses)
f65521         standard-m n=713 m=482 left 713: Meta-NBIW 469, QUALEX-MS 469  (0.80s; solver: unsat, 1 guesses)
petersen       equation-m decided by propagation (unsat)
petersen       standard-m decided by propagation (unsat)
dodecahedron   equation-m n=263 m=38 left 263: Meta-NBIW 36, QUALEX-MS 38  SOLUTION (verified yes)  (0.10s; solver: sat, 2 guesses)
dodecahedron   standard-m n=263 m=38 left 263: Meta-NBIW 36, QUALEX-MS 38  SOLUTION (verified yes)  (0.07s; solver: sat, 2 guesses)
flower5        equation-m n=265 m=38 left 265: Meta-NBIW 36, QUALEX-MS 36  (0.11s; solver: unsat, 2 guesses)
flower5        standard-m n=265 m=38 left 265: Meta-NBIW 36, QUALEX-MS 36  (0.05s; solver: unsat, 2 guesses)
flower7        equation-m n=543 m=54 left 543: Meta-NBIW 52, QUALEX-MS 52  (0.70s; solver: unsat, 30 guesses)
flower7        standard-m n=543 m=54 left 543: Meta-NBIW 52, QUALEX-MS 52  (0.29s; solver: unsat, 30 guesses)
gp11_2         equation-m n=329 m=42 left 329: Meta-NBIW 40, QUALEX-MS 40  (0.22s; solver: unsat, 5 guesses)
gp11_2         standard-m n=329 m=42 left 329: Meta-NBIW 40, QUALEX-MS 40  (0.09s; solver: unsat, 5 guesses)
gp13_2         equation-m n=481 m=50 left 481: Meta-NBIW 46, QUALEX-MS 50  SOLUTION (verified yes)  (0.48s; solver: sat, 3 guesses)
gp13_2         standard-m n=481 m=50 left 481: Meta-NBIW 46, QUALEX-MS 46  (0.21s; solver: sat, 3 guesses)
gp14_2         equation-m n=563 m=54 left 563: Meta-NBIW 54, QUALEX-MS 54  SOLUTION (verified yes)  (0.74s; solver: sat, 3 guesses)
gp14_2         standard-m n=563 m=54 left 563: Meta-NBIW 54, QUALEX-MS 54  SOLUTION (verified yes)  (0.31s; solver: sat, 3 guesses)
gp17_2         equation-m n=869 m=66 left 869: Meta-NBIW 62, QUALEX-MS 62  (2.46s; solver: unsat, 15 guesses)
gp17_2         standard-m n=869 m=66 left 869: Meta-NBIW 62, QUALEX-MS 62  (0.85s; solver: unsat, 15 guesses)
coxeter        equation-m n=585 m=54 left 585: Meta-NBIW 50, QUALEX-MS 52  (0.81s; solver: unsat, 83 guesses)
coxeter        standard-m n=585 m=54 left 585: Meta-NBIW 50, QUALEX-MS 52  (0.41s; solver: unsat, 83 guesses)
cubic16_1      equation-m n=57 m=30 left 57: Meta-NBIW 30, QUALEX-MS 30  SOLUTION (verified yes)  (0.00s; solver: sat, 1 guesses)
cubic16_1      standard-m n=57 m=30 left 57: Meta-NBIW 30, QUALEX-MS 30  SOLUTION (verified yes)  (0.00s; solver: sat, 1 guesses)
cubic20_1      equation-m n=195 m=38 left 195: Meta-NBIW 38, QUALEX-MS 38  SOLUTION (verified yes)  (0.05s; solver: sat, 2 guesses)
cubic20_1      standard-m n=195 m=38 left 195: Meta-NBIW 38, QUALEX-MS 38  SOLUTION (verified yes)  (0.03s; solver: sat, 2 guesses)
cubic24_1      equation-m n=403 m=46 left 403: Meta-NBIW 46, QUALEX-MS 46  SOLUTION (verified yes)  (0.33s; solver: sat, 3 guesses)
cubic24_1      standard-m n=403 m=46 left 403: Meta-NBIW 46, QUALEX-MS 46  SOLUTION (verified yes)  (0.17s; solver: sat, 3 guesses)
bip8_1         equation-m decided by propagation (unsat)
bip8_1         standard-m decided by propagation (unsat)
bip9_1         equation-m decided by propagation (unsat)
bip9_1         standard-m decided by propagation (unsat)
bip10_1        equation-m decided by propagation (unsat)
bip10_1        standard-m decided by propagation (unsat)
bip11_1        equation-m decided by propagation (unsat)
bip11_1        standard-m decided by propagation (unsat)
bip12_1        equation-m decided by propagation (unsat)
bip12_1        standard-m decided by propagation (unsat)
f1000003       equation-m n=1343 m=891 left 1343: Meta-NBIW 881, QUALEX-MS 881  (6.10s; solver: unsat, 8 guesses)
f1000003       standard-m n=1343 m=891 left 1343: Meta-NBIW 881, QUALEX-MS 881  (4.34s; solver: unsat, 8 guesses)
f1000013       equation-m n=1343 m=895 left 1343: Meta-NBIW 895, QUALEX-MS 895  SOLUTION (verified yes)  (6.07s; solver: sat, 3 guesses)
f1000013       standard-m n=1343 m=895 left 1343: Meta-NBIW 895, QUALEX-MS 895  SOLUTION (verified yes)  (4.35s; solver: sat, 3 guesses)
f2097143       equation-m n=1537 m=1005 left 1537: Meta-NBIW 988, QUALEX-MS 988  (8.73s; solver: unsat, 12 guesses)
f2097143       standard-m n=1537 m=1005 left 1537: Meta-NBIW 988, QUALEX-MS 988  (6.14s; solver: unsat, 12 guesses)
f4194301       equation-m n=1615 m=1063 left 1615: Meta-NBIW 1042, QUALEX-MS 1042  (10.07s; solver: unsat, 14 guesses)
f4194301       standard-m n=1615 m=1063 left 1615: Meta-NBIW 1042, QUALEX-MS 1052  (7.07s; solver: unsat, 14 guesses)
f16777213      equation-m n=2006 m=1309 left 2006: Meta-NBIW 1284, QUALEX-MS 1284  (20.08s; solver: unsat, 28 guesses)
f16777213      standard-m n=2006 m=1309 left 2006: Meta-NBIW 1284, QUALEX-MS 1285  (12.85s; solver: unsat, 28 guesses)
flower9        equation-m n=917 m=70 left 917: Meta-NBIW 68, QUALEX-MS 68  (2.99s; solver: unsat, 88 guesses)
flower9        standard-m n=917 m=70 left 917: Meta-NBIW 68, QUALEX-MS 68  (1.04s; solver: unsat, 88 guesses)
flower11       equation-m n=1387 m=86 left 1387: Meta-NBIW 82, QUALEX-MS 82  (9.77s; solver: unsat, 338 guesses)
flower11       standard-m n=1387 m=86 left 1387: Meta-NBIW 82, QUALEX-MS 82  (3.15s; solver: unsat, 338 guesses)
gp20_2         equation-m n=1235 m=78 left 1235: Meta-NBIW 78, QUALEX-MS 78  SOLUTION (verified yes)  (6.62s; solver: sat, 3 guesses)
gp20_2         standard-m n=1235 m=78 left 1235: Meta-NBIW 78, QUALEX-MS 78  SOLUTION (verified yes)  (2.14s; solver: sat, 3 guesses)
gp23_2         equation-m n=1665 m=90 left 1665: Meta-NBIW 86, QUALEX-MS 86  (15.53s; solver: unsat, 102 guesses)
gp23_2         standard-m n=1665 m=90 left 1665: Meta-NBIW 86, QUALEX-MS 86  (4.72s; solver: unsat, 102 guesses)
cubic30_1      equation-m n=637 m=58 left 637: Meta-NBIW 56, QUALEX-MS 56  (1.16s; solver: sat, 2 guesses)
cubic30_1      standard-m n=637 m=58 left 637: Meta-NBIW 56, QUALEX-MS 56  (0.53s; solver: sat, 2 guesses)
bip14_1        equation-m decided by propagation (unsat)
bip14_1        standard-m decided by propagation (unsat)
f1000001       equation-m n=1383 m=912 left 1383: Meta-NBIW 886, QUALEX-MS 886  (6.51s; solver: sat, 4 guesses)
f1000001       standard-m n=1383 m=912 left 1383: Meta-NBIW 886, QUALEX-MS 886  (4.63s; solver: sat, 4 guesses)
f4194303       equation-m n=1676 m=1094 left 1676: Meta-NBIW 1094, QUALEX-MS 1094  SOLUTION (verified yes)  (11.12s; solver: sat, 4 guesses)
f4194303       standard-m n=1676 m=1094 left 1676: Meta-NBIW 1094, QUALEX-MS 1094  SOLUTION (verified yes)  (7.82s; solver: sat, 4 guesses)
f16777215      equation-m n=2084 m=1352 left 2084: Meta-NBIW 1352, QUALEX-MS 1352  SOLUTION (verified yes)  (22.17s; solver: sat, 6 guesses)
f16777215      standard-m n=2084 m=1352 left 2084: Meta-NBIW 1352, QUALEX-MS 1352  SOLUTION (verified yes)  (14.23s; solver: sat, 6 guesses)
gp16_2         equation-m n=759 m=62 left 759: Meta-NBIW 62, QUALEX-MS 62  SOLUTION (verified yes)  (1.67s; solver: sat, 3 guesses)
gp16_2         standard-m n=759 m=62 left 759: Meta-NBIW 62, QUALEX-MS 62  SOLUTION (verified yes)  (0.63s; solver: sat, 3 guesses)
gp22_2         equation-m n=1515 m=86 left 1515: Meta-NBIW 86, QUALEX-MS 86  SOLUTION (verified yes)  (11.89s; solver: sat, 3 guesses)
gp22_2         standard-m n=1515 m=86 left 1515: Meta-NBIW 86, QUALEX-MS 86  SOLUTION (verified yes)  (3.65s; solver: sat, 3 guesses)
cubic40_1      equation-m n=1255 m=78 left 1255: Meta-NBIW 76, QUALEX-MS 76  (7.22s; solver: sat, 9 guesses)
cubic40_1      standard-m n=1255 m=78 left 1255: Meta-NBIW 76, QUALEX-MS 76  (2.81s; solver: sat, 9 guesses)
cubic50_1      equation-m n=1925 m=98 left 1925: Meta-NBIW 96, QUALEX-MS 96  (24.69s; solver: sat, 10 guesses)
cubic50_1      standard-m n=1925 m=98 left 1925: Meta-NBIW 96, QUALEX-MS 96  (8.84s; solver: sat, 10 guesses)
f101           equation-m-meta decided by propagation (unsat)
f101           standard-m-meta decided by propagation (unsat)
f143           equation-m-meta n=2 m=1 left 0: Meta-NBIW 1, QUALEX-MS 1  SOLUTION (verified yes)  (0.00s; solver: sat, 1 guesses)
f143           standard-m-meta n=2 m=1 left 0: Meta-NBIW 1, QUALEX-MS 1  SOLUTION (verified yes)  (0.00s; solver: sat, 1 guesses)
f1009          equation-m-meta decided by propagation (unsat)
f1009          standard-m-meta decided by propagation (unsat)
f14471         equation-m-meta n=511 m=367 left 511: Meta-NBIW 359, QUALEX-MS 359  (0.74s; solver: sat, 1 guesses)
f14471         standard-m-meta n=511 m=367 left 511: Meta-NBIW 359, QUALEX-MS 359  (0.63s; solver: sat, 1 guesses)
f14631         equation-m-meta n=514 m=370 left 514: Meta-NBIW 370, QUALEX-MS 370  SOLUTION (verified yes)  (0.82s; solver: sat, 1 guesses)
f14631         standard-m-meta n=514 m=370 left 514: Meta-NBIW 370, QUALEX-MS 370  SOLUTION (verified yes)  (0.61s; solver: sat, 1 guesses)
f14887         equation-m-meta n=510 m=365 left 510: Meta-NBIW 359, QUALEX-MS 359  (0.73s; solver: unsat, 1 guesses)
f14887         standard-m-meta n=510 m=365 left 510: Meta-NBIW 359, QUALEX-MS 361  (0.61s; solver: unsat, 1 guesses)
f15591         equation-m-meta n=501 m=359 left 501: Meta-NBIW 359, QUALEX-MS 359  SOLUTION (verified yes)  (0.71s; solver: sat, 1 guesses)
f15591         standard-m-meta n=501 m=359 left 501: Meta-NBIW 359, QUALEX-MS 359  SOLUTION (verified yes)  (0.58s; solver: sat, 1 guesses)
f16041         equation-m-meta n=506 m=362 left 506: Meta-NBIW 362, QUALEX-MS 362  SOLUTION (verified yes)  (0.73s; solver: sat, 1 guesses)
f16041         standard-m-meta n=506 m=362 left 506: Meta-NBIW 362, QUALEX-MS 362  SOLUTION (verified yes)  (0.60s; solver: sat, 1 guesses)
f32399         equation-m-meta n=636 m=441 left 636: Meta-NBIW 433, QUALEX-MS 433  (1.33s; solver: sat, 2 guesses)
f32399         standard-m-meta n=636 m=441 left 636: Meta-NBIW 433, QUALEX-MS 433  (1.10s; solver: sat, 2 guesses)
f32653         equation-m-meta decided by propagation (unsat)
f32653         standard-m-meta decided by propagation (unsat)
f32687         equation-m-meta n=638 m=435 left 638: Meta-NBIW 426, QUALEX-MS 426  (1.32s; solver: unsat, 1 guesses)
f32687         standard-m-meta n=638 m=435 left 638: Meta-NBIW 426, QUALEX-MS 429  (1.08s; solver: unsat, 1 guesses)
f32693         equation-m-meta decided by propagation (unsat)
f32693         standard-m-meta decided by propagation (unsat)
f32707         equation-m-meta decided by propagation (unsat)
f32707         standard-m-meta decided by propagation (unsat)
f32713         equation-m-meta n=612 m=419 left 612: Meta-NBIW 410, QUALEX-MS 410  (1.18s; solver: unsat, 1 guesses)
f32713         standard-m-meta n=612 m=419 left 612: Meta-NBIW 410, QUALEX-MS 413  (0.97s; solver: unsat, 1 guesses)
f32717         equation-m-meta n=568 m=404 left 568: Meta-NBIW 395, QUALEX-MS 398  (0.98s; solver: unsat, 1 guesses)
f32717         standard-m-meta n=568 m=404 left 568: Meta-NBIW 395, QUALEX-MS 399  (0.83s; solver: unsat, 1 guesses)
f32719         equation-m-meta n=615 m=425 left 615: Meta-NBIW 418, QUALEX-MS 418  (1.31s; solver: unsat, 1 guesses)
f32719         standard-m-meta n=615 m=425 left 615: Meta-NBIW 418, QUALEX-MS 419  (0.97s; solver: unsat, 1 guesses)
f32749         equation-m-meta decided by propagation (unsat)
f32749         standard-m-meta decided by propagation (unsat)
f60491         equation-m-meta n=740 m=514 left 740: Meta-NBIW 501, QUALEX-MS 501  (1.99s; solver: sat, 2 guesses)
f60491         standard-m-meta n=740 m=514 left 740: Meta-NBIW 501, QUALEX-MS 506  (1.61s; solver: sat, 2 guesses)
f65521         equation-m-meta n=713 m=482 left 713: Meta-NBIW 469, QUALEX-MS 469  (1.84s; solver: unsat, 1 guesses)
f65521         standard-m-meta n=713 m=482 left 713: Meta-NBIW 469, QUALEX-MS 471  (1.46s; solver: unsat, 1 guesses)
petersen       equation-m-meta decided by propagation (unsat)
petersen       standard-m-meta decided by propagation (unsat)
dodecahedron   equation-m-meta n=263 m=38 left 263: Meta-NBIW 36, QUALEX-MS 38  SOLUTION (verified yes)  (0.13s; solver: sat, 2 guesses)
dodecahedron   standard-m-meta n=263 m=38 left 263: Meta-NBIW 36, QUALEX-MS 38  SOLUTION (verified yes)  (0.12s; solver: sat, 2 guesses)
flower5        equation-m-meta n=265 m=38 left 265: Meta-NBIW 36, QUALEX-MS 36  (0.13s; solver: unsat, 2 guesses)
flower5        standard-m-meta n=265 m=38 left 265: Meta-NBIW 36, QUALEX-MS 36  (0.10s; solver: unsat, 2 guesses)
flower7        equation-m-meta n=543 m=54 left 543: Meta-NBIW 52, QUALEX-MS 52  (0.89s; solver: unsat, 30 guesses)
flower7        standard-m-meta n=543 m=54 left 543: Meta-NBIW 52, QUALEX-MS 52  (0.63s; solver: unsat, 30 guesses)
gp11_2         equation-m-meta n=329 m=42 left 329: Meta-NBIW 40, QUALEX-MS 40  (0.22s; solver: unsat, 5 guesses)
gp11_2         standard-m-meta n=329 m=42 left 329: Meta-NBIW 40, QUALEX-MS 40  (0.18s; solver: unsat, 5 guesses)
gp13_2         equation-m-meta n=481 m=50 left 481: Meta-NBIW 46, QUALEX-MS 50  SOLUTION (verified yes)  (0.59s; solver: sat, 3 guesses)
gp13_2         standard-m-meta n=481 m=50 left 481: Meta-NBIW 46, QUALEX-MS 48  (0.44s; solver: sat, 3 guesses)
gp14_2         equation-m-meta n=563 m=54 left 563: Meta-NBIW 54, QUALEX-MS 54  SOLUTION (verified yes)  (0.90s; solver: sat, 3 guesses)
gp14_2         standard-m-meta n=563 m=54 left 563: Meta-NBIW 54, QUALEX-MS 54  SOLUTION (verified yes)  (0.64s; solver: sat, 3 guesses)
gp17_2         equation-m-meta n=869 m=66 left 869: Meta-NBIW 62, QUALEX-MS 62  (3.03s; solver: unsat, 15 guesses)
gp17_2         standard-m-meta n=869 m=66 left 869: Meta-NBIW 62, QUALEX-MS 62  (1.92s; solver: unsat, 15 guesses)
coxeter        equation-m-meta n=585 m=54 left 585: Meta-NBIW 50, QUALEX-MS 52  (1.00s; solver: unsat, 83 guesses)
coxeter        standard-m-meta n=585 m=54 left 585: Meta-NBIW 50, QUALEX-MS 52  (0.78s; solver: unsat, 83 guesses)
cubic16_1      equation-m-meta n=57 m=30 left 57: Meta-NBIW 30, QUALEX-MS 30  SOLUTION (verified yes)  (0.00s; solver: sat, 1 guesses)
cubic16_1      standard-m-meta n=57 m=30 left 57: Meta-NBIW 30, QUALEX-MS 30  SOLUTION (verified yes)  (0.00s; solver: sat, 1 guesses)
cubic20_1      equation-m-meta n=195 m=38 left 195: Meta-NBIW 38, QUALEX-MS 38  SOLUTION (verified yes)  (0.07s; solver: sat, 2 guesses)
cubic20_1      standard-m-meta n=195 m=38 left 195: Meta-NBIW 38, QUALEX-MS 38  SOLUTION (verified yes)  (0.05s; solver: sat, 2 guesses)
cubic24_1      equation-m-meta n=403 m=46 left 403: Meta-NBIW 46, QUALEX-MS 46  SOLUTION (verified yes)  (0.41s; solver: sat, 3 guesses)
cubic24_1      standard-m-meta n=403 m=46 left 403: Meta-NBIW 46, QUALEX-MS 46  SOLUTION (verified yes)  (0.34s; solver: sat, 3 guesses)
bip8_1         equation-m-meta decided by propagation (unsat)
bip8_1         standard-m-meta decided by propagation (unsat)
bip9_1         equation-m-meta decided by propagation (unsat)
bip9_1         standard-m-meta decided by propagation (unsat)
bip10_1        equation-m-meta decided by propagation (unsat)
bip10_1        standard-m-meta decided by propagation (unsat)
bip11_1        equation-m-meta decided by propagation (unsat)
bip11_1        standard-m-meta decided by propagation (unsat)
bip12_1        equation-m-meta decided by propagation (unsat)
bip12_1        standard-m-meta decided by propagation (unsat)
f1000003       equation-m-meta n=1343 m=891 left 1343: Meta-NBIW 881, QUALEX-MS 881  (9.80s; solver: unsat, 8 guesses)
f1000003       standard-m-meta n=1343 m=891 left 1343: Meta-NBIW 881, QUALEX-MS 882  (7.73s; solver: unsat, 8 guesses)
f1000013       equation-m-meta n=1343 m=895 left 1343: Meta-NBIW 895, QUALEX-MS 895  SOLUTION (verified yes)  (9.79s; solver: sat, 3 guesses)
f1000013       standard-m-meta n=1343 m=895 left 1343: Meta-NBIW 895, QUALEX-MS 895  SOLUTION (verified yes)  (7.70s; solver: sat, 3 guesses)
f2097143       equation-m-meta n=1537 m=1005 left 1537: Meta-NBIW 988, QUALEX-MS 988  (14.01s; solver: unsat, 12 guesses)
f2097143       standard-m-meta n=1537 m=1005 left 1537: Meta-NBIW 988, QUALEX-MS 988  (11.10s; solver: unsat, 12 guesses)
f4194301       equation-m-meta n=1615 m=1063 left 1615: Meta-NBIW 1042, QUALEX-MS 1042  (16.24s; solver: unsat, 14 guesses)
f4194301       standard-m-meta n=1615 m=1063 left 1615: Meta-NBIW 1042, QUALEX-MS 1056  (12.85s; solver: unsat, 14 guesses)
f16777213      equation-m-meta n=2006 m=1309 left 2006: Meta-NBIW 1284, QUALEX-MS 1284  (31.13s; solver: unsat, 28 guesses)
f16777213      standard-m-meta n=2006 m=1309 left 2006: Meta-NBIW 1284, QUALEX-MS 1295  (22.80s; solver: unsat, 28 guesses)
flower9        equation-m-meta n=917 m=70 left 917: Meta-NBIW 68, QUALEX-MS 68  (3.71s; solver: unsat, 88 guesses)
flower9        standard-m-meta n=917 m=70 left 917: Meta-NBIW 68, QUALEX-MS 68  (2.46s; solver: unsat, 88 guesses)
flower11       equation-m-meta n=1387 m=86 left 1387: Meta-NBIW 82, QUALEX-MS 82  (12.04s; solver: unsat, 338 guesses)
flower11       standard-m-meta n=1387 m=86 left 1387: Meta-NBIW 82, QUALEX-MS 84  (7.64s; solver: unsat, 338 guesses)
gp20_2         equation-m-meta n=1235 m=78 left 1235: Meta-NBIW 78, QUALEX-MS 78  SOLUTION (verified yes)  (7.92s; solver: sat, 3 guesses)
gp20_2         standard-m-meta n=1235 m=78 left 1235: Meta-NBIW 78, QUALEX-MS 78  SOLUTION (verified yes)  (4.83s; solver: sat, 3 guesses)
gp23_2         equation-m-meta n=1665 m=90 left 1665: Meta-NBIW 86, QUALEX-MS 86  (18.50s; solver: unsat, 102 guesses)
gp23_2         standard-m-meta n=1665 m=90 left 1665: Meta-NBIW 86, QUALEX-MS 86  (10.66s; solver: unsat, 102 guesses)
cubic30_1      equation-m-meta n=637 m=58 left 637: Meta-NBIW 56, QUALEX-MS 56  (1.46s; solver: sat, 2 guesses)
cubic30_1      standard-m-meta n=637 m=58 left 637: Meta-NBIW 56, QUALEX-MS 56  (1.13s; solver: sat, 2 guesses)
bip14_1        equation-m-meta decided by propagation (unsat)
bip14_1        standard-m-meta decided by propagation (unsat)
f1000001       equation-m-meta n=1383 m=912 left 1383: Meta-NBIW 886, QUALEX-MS 889  (10.39s; solver: sat, 4 guesses)
f1000001       standard-m-meta n=1383 m=912 left 1383: Meta-NBIW 886, QUALEX-MS 891  (8.14s; solver: sat, 4 guesses)
f4194303       equation-m-meta n=1676 m=1094 left 1676: Meta-NBIW 1094, QUALEX-MS 1094  SOLUTION (verified yes)  (17.80s; solver: sat, 4 guesses)
f4194303       standard-m-meta n=1676 m=1094 left 1676: Meta-NBIW 1094, QUALEX-MS 1094  SOLUTION (verified yes)  (13.81s; solver: sat, 4 guesses)
f16777215      equation-m-meta n=2084 m=1352 left 2084: Meta-NBIW 1352, QUALEX-MS 1352  SOLUTION (verified yes)  (34.17s; solver: sat, 6 guesses)
f16777215      standard-m-meta n=2084 m=1352 left 2084: Meta-NBIW 1352, QUALEX-MS 1352  SOLUTION (verified yes)  (25.32s; solver: sat, 6 guesses)
gp16_2         equation-m-meta n=759 m=62 left 759: Meta-NBIW 62, QUALEX-MS 62  SOLUTION (verified yes)  (2.04s; solver: sat, 3 guesses)
gp16_2         standard-m-meta n=759 m=62 left 759: Meta-NBIW 62, QUALEX-MS 62  SOLUTION (verified yes)  (1.43s; solver: sat, 3 guesses)
gp22_2         equation-m-meta n=1515 m=86 left 1515: Meta-NBIW 86, QUALEX-MS 86  SOLUTION (verified yes)  (14.11s; solver: sat, 3 guesses)
gp22_2         standard-m-meta n=1515 m=86 left 1515: Meta-NBIW 86, QUALEX-MS 86  SOLUTION (verified yes)  (8.21s; solver: sat, 3 guesses)
cubic40_1      equation-m-meta n=1255 m=78 left 1255: Meta-NBIW 76, QUALEX-MS 76  (8.70s; solver: sat, 9 guesses)
cubic40_1      standard-m-meta n=1255 m=78 left 1255: Meta-NBIW 76, QUALEX-MS 76  (5.80s; solver: sat, 9 guesses)
cubic50_1      equation-m-meta n=1925 m=98 left 1925: Meta-NBIW 96, QUALEX-MS 96  (34.14s; solver: sat, 10 guesses)
cubic50_1      standard-m-meta n=1925 m=98 left 1925: Meta-NBIW 96, QUALEX-MS 96  (18.07s; solver: sat, 10 guesses)
