qwh:n10_p30_0            n=50    target 30     rank 1    | plain found 31 nodes 0.0s | order found 31 nodes 0.0s | prune found 31 nodes 0.0s
qwh:n10_p30_1            n=50    target 30     rank 1    | plain found 31 nodes 0.0s | order found 31 nodes 0.0s | prune found 31 nodes 0.0s
qwh:n10_p30_2            n=50    target 30     rank 2    | plain found 31 nodes 0.0s | order found 31 nodes 0.0s | prune found 31 nodes 0.0s
qwh:n10_p30_3            n=59    target 30     rank 2    | plain found 31 nodes 0.0s | order found 31 nodes 0.0s | prune found 31 nodes 0.0s
qwh:n10_p35_0            n=74    target 35     rank 1    | plain found 36 nodes 0.0s | order found 36 nodes 0.0s | prune found 36 nodes 0.0s
qwh:n10_p35_1            n=73    target 35     rank 3    | plain found 36 nodes 0.0s | order found 36 nodes 0.0s | prune found 36 nodes 0.0s
qwh:n10_p35_2            n=81    target 35     rank 2    | plain found 36 nodes 0.0s | order found 36 nodes 0.0s | prune found 36 nodes 0.0s
qwh:n10_p35_3            n=75    target 35     rank 2    | plain found 36 nodes 0.0s | order found 36 nodes 0.0s | prune found 36 nodes 0.0s
qwh:n10_p40_0            n=90    target 40     rank 2    | plain found 41 nodes 0.0s | order found 41 nodes 0.0s | prune found 41 nodes 0.0s
qwh:n10_p40_1            n=92    target 40     rank 1    | plain found 41 nodes 0.0s | order found 41 nodes 0.0s | prune found 41 nodes 0.0s
qwh:n10_p40_2            n=90    target 40     rank 1    | plain found 41 nodes 0.0s | order found 41 nodes 0.0s | prune found 41 nodes 0.0s
qwh:n10_p40_3            n=87    target 40     rank 1    | plain found 41 nodes 0.0s | order found 41 nodes 0.0s | prune found 41 nodes 0.0s
qwh:n10_p45_0            n=133   target 45     rank 9    | plain found 58 nodes 0.0s | order found 46 nodes 0.0s | prune found 46 nodes 0.0s
qwh:n10_p45_1            n=143   target 45     rank 13   | plain found 46 nodes 0.0s | order found 46 nodes 0.0s | prune found 46 nodes 0.0s
qwh:n10_p45_2            n=126   target 45     rank 3    | plain found 46 nodes 0.0s | order found 46 nodes 0.0s | prune found 46 nodes 0.0s
qwh:n10_p45_3            n=127   target 45     rank 5    | plain found 46 nodes 0.0s | order found 46 nodes 0.0s | prune found 46 nodes 0.0s
qwh:n10_p50_0            n=157   target 50     rank 10   | plain found 51 nodes 0.0s | order found 59 nodes 0.0s | prune found 51 nodes 0.0s
qwh:n10_p50_1            n=154   target 50     rank 3    | plain found 59 nodes 0.0s | order found 51 nodes 0.0s | prune found 51 nodes 0.0s
qwh:n10_p50_2            n=164   target 50     rank 13   | plain found 60 nodes 0.0s | order found 59 nodes 0.0s | prune found 59 nodes 0.0s
qwh:n10_p50_3            n=163   target 50     rank 17   | plain found 51 nodes 0.0s | order found 51 nodes 0.0s | prune found 51 nodes 0.0s
qwh:n10_p60_0            n=252   target 60     rank 99   | plain found 61 nodes 0.0s | order found 61 nodes 0.0s | prune found 61 nodes 0.2s
qwh:n10_p60_1            n=247   target 60     rank 88   | plain found 61 nodes 0.0s | order found 61 nodes 0.0s | prune found 61 nodes 0.2s
qwh:n10_p60_2            n=241   target 60     rank 91   | plain found 61 nodes 0.0s | order found 61 nodes 0.0s | prune found 61 nodes 0.1s
qwh:n10_p60_3            n=261   target 60     rank 101  | plain found 61 nodes 0.0s | order found 61 nodes 0.0s | prune found 61 nodes 0.2s
qwh:n10_p70_0            n=378   target 70     rank 198  | plain found 71 nodes 0.0s | order found 71 nodes 0.0s | prune found 71 nodes 0.4s
qwh:n10_p70_1            n=378   target 70     rank 198  | plain found 71 nodes 0.0s | order found 71 nodes 0.0s | prune found 71 nodes 0.4s
qwh:n10_p70_2            n=369   target 70     rank 189  | plain found 71 nodes 0.0s | order found 71 nodes 0.0s | prune found 71 nodes 0.4s
qwh:n10_p70_3            n=379   target 70     rank 199  | plain found 71 nodes 0.0s | order found 71 nodes 0.0s | prune found 71 nodes 0.4s
qwh:n15_p30_0            n=170   target 68     rank 2    | plain found 69 nodes 0.0s | order found 69 nodes 0.0s | prune found 69 nodes 0.0s
qwh:n15_p30_1            n=154   target 68     rank 1    | plain found 69 nodes 0.0s | order found 69 nodes 0.0s | prune found 69 nodes 0.0s
qwh:n15_p30_2            n=156   target 68     rank 2    | plain found 69 nodes 0.0s | order found 69 nodes 0.0s | prune found 69 nodes 0.0s
qwh:n15_p30_3            n=145   target 68     rank 2    | plain found 69 nodes 0.0s | order found 69 nodes 0.0s | prune found 69 nodes 0.0s
qwh:n15_p35_0            n=212   target 79     rank 1    | plain found 80 nodes 0.0s | order found 80 nodes 0.0s | prune found 80 nodes 0.0s
qwh:n15_p35_1            n=198   target 79     rank 2    | plain found 80 nodes 0.0s | order found 80 nodes 0.0s | prune found 80 nodes 0.0s
qwh:n15_p35_2            n=216   target 79     rank 4    | plain found 80 nodes 0.0s | order found 80 nodes 0.0s | prune found 80 nodes 0.0s
qwh:n15_p35_3            n=192   target 79     rank 1    | plain found 80 nodes 0.0s | order found 80 nodes 0.0s | prune found 80 nodes 0.0s
qwh:n15_p40_0            n=277   target 90     rank 20   | plain found 156 nodes 0.0s | order found 127 nodes 0.0s | prune found 91 nodes 0.1s
qwh:n15_p40_1            n=312   target 90     rank 24   | plain found 91 nodes 0.0s | order found 91 nodes 0.0s | prune found 91 nodes 0.1s
qwh:n15_p40_2            n=288   target 90     rank 14   | plain found 91 nodes 0.0s | order found 91 nodes 0.0s | prune found 91 nodes 0.1s
qwh:n15_p40_3            n=310   target 90     rank 19   | plain found 91 nodes 0.0s | order found 91 nodes 0.0s | prune found 91 nodes 0.1s
qwh:n15_p45_0            n=369   target 101    rank 75   | plain found 102 nodes 0.0s | order found 159 nodes 0.0s | prune found 137 nodes 0.3s
qwh:n15_p45_1            n=381   target 101    rank 105  | plain found 106 nodes 0.0s | order found 162 nodes 0.0s | prune found 102 nodes 0.4s
qwh:n15_p45_2            n=376   target 101    rank 41   | plain found 102 nodes 0.0s | order found 102 nodes 0.0s | prune found 118 nodes 0.2s
qwh:n15_p45_3            n=373   target 101    rank 65   | plain found 102 nodes 0.0s | order found 102 nodes 0.0s | prune found 102 nodes 0.2s
qwh:n15_p50_0            n=508   target 112    rank 176  | plain found 113 nodes 0.0s | order found 113 nodes 0.0s | prune found 113 nodes 0.8s
qwh:n15_p50_1            n=501   target 112    rank 192  | plain found 113 nodes 0.0s | order found 241 nodes 0.0s | prune found 113 nodes 0.9s
qwh:n15_p50_2            n=485   target 112    rank 184  | plain found 291 nodes 0.0s | order found 216 nodes 0.0s | prune found 113 nodes 0.8s
qwh:n15_p50_3            n=520   target 112    rank 192  | plain found 113 nodes 0.0s | order found 113 nodes 0.0s | prune found 113 nodes 1.0s
qwh:n15_p60_0            n=805   target 135    rank 437  | plain found 156 nodes 0.0s | order found 148 nodes 0.0s | prune found 136 nodes 4.3s
qwh:n15_p60_1            n=780   target 135    rank 420  | plain found 178 nodes 0.0s | order found 136 nodes 0.0s | prune found 136 nodes 3.8s
qwh:n15_p60_2            n=787   target 135    rank 416  | plain found 139 nodes 0.0s | order found 136 nodes 0.0s | prune found 136 nodes 3.6s
qwh:n15_p60_3            n=794   target 135    rank 434  | plain found 136 nodes 0.0s | order found 136 nodes 0.0s | prune found 136 nodes 3.6s
qwh:n15_p70_0            n=1242  target 158    rank 813  | plain found 159 nodes 0.0s | order found 159 nodes 0.0s | prune found 159 nodes 12.4s
qwh:n15_p70_1            n=1221  target 158    rank 792  | plain found 159 nodes 0.0s | order found 159 nodes 0.0s | prune found 159 nodes 11.8s
qwh:n15_p70_2            n=1216  target 158    rank 787  | plain found 177 nodes 0.0s | order found 209 nodes 0.0s | prune found 159 nodes 11.9s
qwh:n15_p70_3            n=1260  target 158    rank 831  | plain found 159 nodes 0.0s | order found 167 nodes 0.0s | prune found 159 nodes 12.9s
qwh:n20_p35_0            n=452   target 140    rank 3    | plain found 141 nodes 0.0s | order found 141 nodes 0.0s | prune found 141 nodes 0.1s
qwh:n20_p35_1            n=465   target 140    rank 9    | plain found 141 nodes 0.0s | order found 141 nodes 0.0s | prune found 141 nodes 0.1s
qwh:n20_p35_2            n=466   target 140    rank 2    | plain found 141 nodes 0.0s | order found 141 nodes 0.0s | prune found 141 nodes 0.1s
qwh:n20_p40_0            n=641   target 160    rank 172  | plain found 498 nodes 0.0s | order found 3498 nodes 0.1s | prune found 229 nodes 2.0s
qwh:n20_p40_1            n=684   target 160    rank 218  | plain found 264 nodes 0.0s | order found 161 nodes 0.0s | prune found 161 nodes 1.8s
qwh:n20_p40_2            n=612   target 160    rank 4    | plain found 177 nodes 0.0s | order found 161 nodes 0.0s | prune found 161 nodes 0.1s
qwh:n20_p45_0            n=837   target 180    rank 329  | plain found 1021 nodes 0.0s | order found 1313 nodes 0.1s | prune found 181 nodes 4.0s
qwh:n20_p45_1            n=868   target 180    rank 360  | plain found 310 nodes 0.0s | order found 229 nodes 0.0s | prune found 181 nodes 4.6s
qwh:n20_p45_2            n=860   target 180    rank 359  | plain found 20874 nodes 0.7s | order found 432 nodes 0.0s | prune found 533 nodes 11.9s
qwh:n20_p50_0            n=1140  target 200    rank 573  | plain found 206 nodes 0.0s | order found 201 nodes 0.0s | prune found 201 nodes 13.5s
qwh:n20_p50_1            n=1136  target 200    rank 585  | plain found 318 nodes 0.0s | order found 228 nodes 0.0s | prune found 201 nodes 14.8s
qwh:n20_p50_2            n=1120  target 200    rank 533  | plain found 239 nodes 0.0s | order found 201 nodes 0.0s | prune found 370 nodes 15.3s
qwh:n6_p40_0             n=24    target 14     rank 2    | plain found 15 nodes 0.0s | order found 15 nodes 0.0s | prune found 15 nodes 0.0s
qwh:n6_p40_1             n=18    target 14     rank 1    | plain found 15 nodes 0.0s | order found 15 nodes 0.0s | prune found 15 nodes 0.0s
qwh:n6_p60_0             n=60    target 22     rank 2    | plain found 23 nodes 0.0s | order found 23 nodes 0.0s | prune found 23 nodes 0.0s
qwh:n6_p60_1             n=57    target 22     rank 3    | plain found 23 nodes 0.0s | order found 23 nodes 0.0s | prune found 23 nodes 0.0s
qwh:n8_p40_0             n=53    target 26     rank 1    | plain found 27 nodes 0.0s | order found 27 nodes 0.0s | prune found 27 nodes 0.0s
qwh:n8_p40_1             n=46    target 26     rank 1    | plain found 27 nodes 0.0s | order found 27 nodes 0.0s | prune found 27 nodes 0.0s
qwh:n8_p60_0             n=122   target 38     rank 22   | plain found 39 nodes 0.0s | order found 39 nodes 0.0s | prune found 39 nodes 0.0s
qwh:n8_p60_1             n=126   target 38     rank 28   | plain found 39 nodes 0.0s | order found 39 nodes 0.0s | prune found 39 nodes 0.0s
qwh:n8_p70_0             n=192   target 45     rank 81   | plain found 46 nodes 0.0s | order found 46 nodes 0.0s | prune found 46 nodes 0.1s
