brock200_1
brock200_2
brock200_3
brock200_4
brock400_1
brock400_2
brock400_3
brock400_4
brock800_1
brock800_2
brock800_3
brock800_4
C1000.9
C125.9
C250.9
C500.9
c-fat200-1
c-fat200-2
c-fat200-5
c-fat500-1
c-fat500-10
c-fat500-2
c-fat500-5
DSJC1000.5
DSJC500.5
gen200_p0.9_44
gen200_p0.9_55
gen400_p0.9_55
gen400_p0.9_65
gen400_p0.9_75
hamming6-2
hamming6-4
hamming8-2
hamming8-4
johnson16-2-4
johnson32-2-4
johnson8-2-4
johnson8-4-4
keller4
keller5
MANN_a27
MANN_a45
MANN_a9
p_hat1000-1
p_hat1000-2
p_hat1000-3
p_hat300-1
p_hat300-2
p_hat300-3
p_hat500-1
p_hat500-2
p_hat500-3
p_hat700-1
p_hat700-2
p_hat700-3
san1000
san200_0.7_1
san200_0.7_2
san200_0.9_1
san200_0.9_2
san200_0.9_3
san400_0.5_1
san400_0.7_1
san400_0.7_2
san400_0.7_3
san400_0.9_1
sanr200_0.7
sanr200_0.9
sanr400_0.5
sanr400_0.7
